com\jovan_backovic\toptal_project_backend\db\repositories\MealRepository.class
com\jovan_backovic\toptal_project_backend\exceptions\UsernameAlreadyExistsResponse.class
com\jovan_backovic\toptal_project_backend\db\repositories\RoleRepository.class
com\jovan_backovic\toptal_project_backend\service\PopulateErrorMapService.class
com\jovan_backovic\toptal_project_backend\controllers\AdminUserController.class
com\jovan_backovic\toptal_project_backend\service\UserService.class
com\jovan_backovic\toptal_project_backend\validation\AssignRolesRequestValidator.class
com\jovan_backovic\toptal_project_backend\controllers\CustomExceptionHandler.class
com\jovan_backovic\toptal_project_backend\exceptions\UserDoesntExistException.class
com\jovan_backovic\toptal_project_backend\validation\UserValidator.class
com\jovan_backovic\toptal_project_backend\validation\UpdateUserRequestValidator.class
com\jovan_backovic\toptal_project_backend\payload\LoginRequest.class
com\jovan_backovic\toptal_project_backend\security\SecurityConst.class
com\jovan_backovic\toptal_project_backend\service\MealService.class
com\jovan_backovic\toptal_project_backend\exceptions\CouldNotFindUsernameExceptionResponse.class
com\jovan_backovic\toptal_project_backend\exceptions\UsernameAlreadyExistsException.class
com\jovan_backovic\toptal_project_backend\exceptions\UserDoesntExistExceptionResponse.class
com\jovan_backovic\toptal_project_backend\db\repositories\UserRepository.class
com\jovan_backovic\toptal_project_backend\security\JwtAuthenticationFilter.class
com\jovan_backovic\toptal_project_backend\security\JwtAutenticationEntryPoint.class
com\jovan_backovic\toptal_project_backend\exceptions\CouldNotFindUsernameException.class
com\jovan_backovic\toptal_project_backend\security\JwtTokenProvider.class
com\jovan_backovic\toptal_project_backend\db\entities\Role.class
com\jovan_backovic\toptal_project_backend\service\UserDetailsServiceImpl.class
com\jovan_backovic\toptal_project_backend\payload\UpdateUserRequest.class
com\jovan_backovic\toptal_project_backend\ToptalProjectBackendApplication.class
com\jovan_backovic\toptal_project_backend\payload\UserAndDatetimeFilter.class
com\jovan_backovic\toptal_project_backend\controllers\MealController.class
com\jovan_backovic\toptal_project_backend\security\SecurityConfig.class
com\jovan_backovic\toptal_project_backend\controllers\AuthenticationController.class
com\jovan_backovic\toptal_project_backend\controllers\UserController.class
com\jovan_backovic\toptal_project_backend\payload\AssignRolesRequest.class
com\jovan_backovic\toptal_project_backend\exceptions\MealDoesntExistException.class
com\jovan_backovic\toptal_project_backend\db\entities\Meal.class
com\jovan_backovic\toptal_project_backend\exceptions\InvalidLoginResponse.class
com\jovan_backovic\toptal_project_backend\controllers\AdminMealController.class
com\jovan_backovic\toptal_project_backend\db\entities\User.class
com\jovan_backovic\toptal_project_backend\payload\LoginSuccessResponse.class
com\jovan_backovic\toptal_project_backend\exceptions\MealDoesntExistExceptionResponse.class
