C:\Users\Backo\Desktop\deploy\jovan-backovic - Copy\toptal_project_backend\src\main\java\com\jovan_backovic\toptal_project_backend\exceptions\CouldNotFindUsernameException.java
C:\Users\Backo\Desktop\deploy\jovan-backovic - Copy\toptal_project_backend\src\main\java\com\jovan_backovic\toptal_project_backend\exceptions\InvalidLoginResponse.java
C:\Users\Backo\Desktop\deploy\jovan-backovic - Copy\toptal_project_backend\src\main\java\com\jovan_backovic\toptal_project_backend\controllers\UserController.java
C:\Users\Backo\Desktop\deploy\jovan-backovic - Copy\toptal_project_backend\src\main\java\com\jovan_backovic\toptal_project_backend\security\SecurityConst.java
C:\Users\Backo\Desktop\deploy\jovan-backovic - Copy\toptal_project_backend\src\main\java\com\jovan_backovic\toptal_project_backend\payload\UpdateUserRequest.java
C:\Users\Backo\Desktop\deploy\jovan-backovic - Copy\toptal_project_backend\src\main\java\com\jovan_backovic\toptal_project_backend\controllers\AdminMealController.java
C:\Users\Backo\Desktop\deploy\jovan-backovic - Copy\toptal_project_backend\src\main\java\com\jovan_backovic\toptal_project_backend\exceptions\UserDoesntExistException.java
C:\Users\Backo\Desktop\deploy\jovan-backovic - Copy\toptal_project_backend\src\main\java\com\jovan_backovic\toptal_project_backend\db\entities\Meal.java
C:\Users\Backo\Desktop\deploy\jovan-backovic - Copy\toptal_project_backend\src\main\java\com\jovan_backovic\toptal_project_backend\payload\LoginRequest.java
C:\Users\Backo\Desktop\deploy\jovan-backovic - Copy\toptal_project_backend\src\main\java\com\jovan_backovic\toptal_project_backend\validation\UpdateUserRequestValidator.java
C:\Users\Backo\Desktop\deploy\jovan-backovic - Copy\toptal_project_backend\src\main\java\com\jovan_backovic\toptal_project_backend\payload\AssignRolesRequest.java
C:\Users\Backo\Desktop\deploy\jovan-backovic - Copy\toptal_project_backend\src\main\java\com\jovan_backovic\toptal_project_backend\security\JwtAuthenticationFilter.java
C:\Users\Backo\Desktop\deploy\jovan-backovic - Copy\toptal_project_backend\src\main\java\com\jovan_backovic\toptal_project_backend\service\MealService.java
C:\Users\Backo\Desktop\deploy\jovan-backovic - Copy\toptal_project_backend\src\main\java\com\jovan_backovic\toptal_project_backend\db\entities\Role.java
C:\Users\Backo\Desktop\deploy\jovan-backovic - Copy\toptal_project_backend\src\main\java\com\jovan_backovic\toptal_project_backend\exceptions\UserDoesntExistExceptionResponse.java
C:\Users\Backo\Desktop\deploy\jovan-backovic - Copy\toptal_project_backend\src\main\java\com\jovan_backovic\toptal_project_backend\security\SecurityConfig.java
C:\Users\Backo\Desktop\deploy\jovan-backovic - Copy\toptal_project_backend\src\main\java\com\jovan_backovic\toptal_project_backend\service\UserDetailsServiceImpl.java
C:\Users\Backo\Desktop\deploy\jovan-backovic - Copy\toptal_project_backend\src\main\java\com\jovan_backovic\toptal_project_backend\ToptalProjectBackendApplication.java
C:\Users\Backo\Desktop\deploy\jovan-backovic - Copy\toptal_project_backend\src\main\java\com\jovan_backovic\toptal_project_backend\exceptions\CouldNotFindUsernameExceptionResponse.java
C:\Users\Backo\Desktop\deploy\jovan-backovic - Copy\toptal_project_backend\src\main\java\com\jovan_backovic\toptal_project_backend\exceptions\MealDoesntExistExceptionResponse.java
C:\Users\Backo\Desktop\deploy\jovan-backovic - Copy\toptal_project_backend\src\main\java\com\jovan_backovic\toptal_project_backend\controllers\MealController.java
C:\Users\Backo\Desktop\deploy\jovan-backovic - Copy\toptal_project_backend\src\main\java\com\jovan_backovic\toptal_project_backend\service\UserService.java
C:\Users\Backo\Desktop\deploy\jovan-backovic - Copy\toptal_project_backend\src\main\java\com\jovan_backovic\toptal_project_backend\db\repositories\RoleRepository.java
C:\Users\Backo\Desktop\deploy\jovan-backovic - Copy\toptal_project_backend\src\main\java\com\jovan_backovic\toptal_project_backend\db\repositories\UserRepository.java
C:\Users\Backo\Desktop\deploy\jovan-backovic - Copy\toptal_project_backend\src\main\java\com\jovan_backovic\toptal_project_backend\db\entities\User.java
C:\Users\Backo\Desktop\deploy\jovan-backovic - Copy\toptal_project_backend\src\main\java\com\jovan_backovic\toptal_project_backend\validation\AssignRolesRequestValidator.java
C:\Users\Backo\Desktop\deploy\jovan-backovic - Copy\toptal_project_backend\src\main\java\com\jovan_backovic\toptal_project_backend\validation\UserValidator.java
C:\Users\Backo\Desktop\deploy\jovan-backovic - Copy\toptal_project_backend\src\main\java\com\jovan_backovic\toptal_project_backend\payload\LoginSuccessResponse.java
C:\Users\Backo\Desktop\deploy\jovan-backovic - Copy\toptal_project_backend\src\main\java\com\jovan_backovic\toptal_project_backend\controllers\AuthenticationController.java
C:\Users\Backo\Desktop\deploy\jovan-backovic - Copy\toptal_project_backend\src\main\java\com\jovan_backovic\toptal_project_backend\security\JwtAutenticationEntryPoint.java
C:\Users\Backo\Desktop\deploy\jovan-backovic - Copy\toptal_project_backend\src\main\java\com\jovan_backovic\toptal_project_backend\security\JwtTokenProvider.java
C:\Users\Backo\Desktop\deploy\jovan-backovic - Copy\toptal_project_backend\src\main\java\com\jovan_backovic\toptal_project_backend\exceptions\UsernameAlreadyExistsResponse.java
C:\Users\Backo\Desktop\deploy\jovan-backovic - Copy\toptal_project_backend\src\main\java\com\jovan_backovic\toptal_project_backend\payload\UserAndDatetimeFilter.java
C:\Users\Backo\Desktop\deploy\jovan-backovic - Copy\toptal_project_backend\src\main\java\com\jovan_backovic\toptal_project_backend\service\PopulateErrorMapService.java
C:\Users\Backo\Desktop\deploy\jovan-backovic - Copy\toptal_project_backend\src\main\java\com\jovan_backovic\toptal_project_backend\controllers\AdminUserController.java
C:\Users\Backo\Desktop\deploy\jovan-backovic - Copy\toptal_project_backend\src\main\java\com\jovan_backovic\toptal_project_backend\exceptions\MealDoesntExistException.java
C:\Users\Backo\Desktop\deploy\jovan-backovic - Copy\toptal_project_backend\src\main\java\com\jovan_backovic\toptal_project_backend\controllers\CustomExceptionHandler.java
C:\Users\Backo\Desktop\deploy\jovan-backovic - Copy\toptal_project_backend\src\main\java\com\jovan_backovic\toptal_project_backend\db\repositories\MealRepository.java
C:\Users\Backo\Desktop\deploy\jovan-backovic - Copy\toptal_project_backend\src\main\java\com\jovan_backovic\toptal_project_backend\exceptions\UsernameAlreadyExistsException.java
